
> smart-fitness-app@1.0.0 test
> vitest run


[1m[30m[46m RUN [49m[39m[22m [36mv4.1.10 [39m[90m/home/runner/work/smart-fitness-app/smart-fitness-app[39m

 [32m✓[39m test/conflict-resolution.test.ts [2m([22m[2m19 tests[22m[2m)[22m[32m 29[2mms[22m[39m
 [32m✓[39m test/sync-coordinator.test.ts [2m([22m[2m18 tests[22m[2m)[22m[32m 35[2mms[22m[39m
 [32m✓[39m test/product-simplification-2.test.ts [2m([22m[2m10 tests[22m[2m)[22m[32m 16[2mms[22m[39m
 [32m✓[39m src/api/coach.test.ts [2m([22m[2m11 tests[22m[2m)[22m[32m 218[2mms[22m[39m
 [32m✓[39m test/intelligence.test.ts [2m([22m[2m29 tests[22m[2m)[22m[32m 35[2mms[22m[39m
 [32m✓[39m src/features/progress/safetyRecoveryProgressAnalytics.test.ts [2m([22m[2m4 tests[22m[2m)[22m[32m 25[2mms[22m[39m
 [32m✓[39m test/exercises.test.ts [2m([22m[2m16 tests[22m[2m)[22m[32m 46[2mms[22m[39m
 [32m✓[39m test/offline-sync-queue.test.ts [2m([22m[2m11 tests[22m[2m)[22m[32m 20[2mms[22m[39m
 [32m✓[39m test/nutrition-diary-flow.test.ts [2m([22m[2m7 tests[22m[2m)[22m[32m 10[2mms[22m[39m
 [32m✓[39m src/cloud/NutritionLibrarySync.integration.test.ts [2m([22m[2m8 tests[22m[2m)[22m[32m 22[2mms[22m[39m
 [32m✓[39m src/features/coach/combinedCoachProposalViewModel.test.ts [2m([22m[2m5 tests[22m[2m)[22m[32m 8[2mms[22m[39m
 [32m✓[39m src/cloud/CloudConflictResolver.two-device.test.ts [2m([22m[2m9 tests[22m[2m)[22m[32m 29[2mms[22m[39m
 [32m✓[39m test/auth-service.test.ts [2m([22m[2m8 tests[22m[2m)[22m[32m 14[2mms[22m[39m
 [32m✓[39m src/features/coach/nutritionStrategyViewModel.test.ts [2m([22m[2m7 tests[22m[2m)[22m[32m 11[2mms[22m[39m
 [32m✓[39m src/cloud/NutritionLibrarySync.test.ts [2m([22m[2m6 tests[22m[2m)[22m[32m 23[2mms[22m[39m
 [32m✓[39m src/cloud/createProductionCloudProvider.test.ts [2m([22m[2m3 tests[22m[2m)[22m[32m 7[2mms[22m[39m
 [32m✓[39m test/weight-history-sync.test.ts [2m([22m[2m4 tests[22m[2m)[22m[32m 35[2mms[22m[39m
 [32m✓[39m test/workouts.test.ts [2m([22m[2m6 tests[22m[2m)[22m[32m 12[2mms[22m[39m
 [32m✓[39m src/features/coach/nutritionCoachViewModel.test.ts [2m([22m[2m5 tests[22m[2m)[22m[32m 11[2mms[22m[39m
 [32m✓[39m src/features/coach/combinedCoachViewModel.test.ts [2m([22m[2m4 tests[22m[2m)[22m[32m 6[2mms[22m[39m
 [32m✓[39m src/cloud/WorkoutTemplateSync.test.ts [2m([22m[2m5 tests[22m[2m)[22m[32m 24[2mms[22m[39m
 [32m✓[39m src/cloud/MealTemplateConflict.two-device.test.ts [2m([22m[2m6 tests[22m[2m)[22m[32m 25[2mms[22m[39m
 [32m✓[39m src/cloud/CustomExerciseConflict.two-device.test.ts [2m([22m[2m7 tests[22m[2m)[22m[32m 29[2mms[22m[39m
 [32m✓[39m src/features/coach/strengthStrategyViewModel.test.ts [2m([22m[2m4 tests[22m[2m)[22m[32m 9[2mms[22m[39m
 [32m✓[39m test/navigation-cleanup-3.test.ts [2m([22m[2m6 tests[22m[2m)[22m[32m 10[2mms[22m[39m
 [32m✓[39m test/workout-routing-timer-regressions.test.ts [2m([22m[2m6 tests[22m[2m)[22m[32m 12[2mms[22m[39m
 [32m✓[39m src/cloud/TrainingProgramConflict.two-device.test.ts [2m([22m[2m6 tests[22m[2m)[22m[32m 28[2mms[22m[39m
 [32m✓[39m test/auth-ui.test.ts [2m([22m[2m22 tests[22m[2m)[22m[32m 11[2mms[22m[39m
 [32m✓[39m src/features/workouts/workoutHistoryViewModel.test.ts [2m([22m[2m6 tests[22m[2m)[22m[32m 37[2mms[22m[39m
 [32m✓[39m src/cloud/SafetyRecoveryConflict.two-device.test.ts [2m([22m[2m6 tests[22m[2m)[22m[32m 18[2mms[22m[39m
 [32m✓[39m src/cloud/BodyMeasurementSync.test.ts [2m([22m[2m5 tests[22m[2m)[22m[32m 26[2mms[22m[39m
 [32m✓[39m src/features/coach/combinedCoachProposalReconciliation.test.ts [2m([22m[2m5 tests[22m[2m)[22m[32m 8[2mms[22m[39m
 [32m✓[39m src/auth/createAuthService.account-deletion.test.ts [2m([22m[2m4 tests[22m[2m)[22m[32m 12[2mms[22m[39m
 [32m✓[39m src/cloud/TrainingProgramSync.test.ts [2m([22m[2m4 tests[22m[2m)[22m[32m 18[2mms[22m[39m
 [32m✓[39m src/cloud/NutritionTargetConflict.two-device.test.ts [2m([22m[2m5 tests[22m[2m)[22m[32m 21[2mms[22m[39m
 [32m✓[39m src/features/coach/nutritionDeterministicSummary.test.ts [2m([22m[2m4 tests[22m[2m)[22m[32m 6[2mms[22m[39m
 [32m✓[39m test/workout-lifecycle-persistence.test.ts [2m([22m[2m6 tests[22m[2m)[22m[32m 39[2mms[22m[39m
 [32m✓[39m src/context/appContext/AppMutationOutboxRecovery.test.ts [2m([22m[2m5 tests[22m[2m)[22m[32m 13[2mms[22m[39m
 [32m✓[39m test/workouts-hub.test.ts [2m([22m[2m6 tests[22m[2m)[22m[32m 35[2mms[22m[39m
[90mstderr[2m | test/onboarding-persistence.test.ts[2m > [22m[2monboarding persistence[2m > [22m[2mrejects failed local writes so the UI cannot navigate as if persistence succeeded
[22m[39mFailed to persist MVP app state Error: storage unavailable
    at Object.<anonymous> [90m(/home/runner/work/smart-fitness-app/smart-fitness-app/[39mtest/onboarding-persistence.test.ts:132:15[90m)[39m
    at Object.Mock [as write] [90m(file:///home/runner/work/smart-fitness-app/smart-fitness-app/[39mnode_modules/[4m@vitest/spy[24m/dist/index.js:332:34[90m)[39m
    at Object.saveState [90m(/home/runner/work/smart-fitness-app/smart-fitness-app/[39msrc/repositories/LocalAppRepository.ts:113:23[90m)[39m
    at [90m/home/runner/work/smart-fitness-app/smart-fitness-app/[39mtest/onboarding-persistence.test.ts:138:29
    at [90mfile:///home/runner/work/smart-fitness-app/smart-fitness-app/[39mnode_modules/[4m@vitest/runner[24m/dist/chunk-artifact.js:302:11
    at [90mfile:///home/runner/work/smart-fitness-app/smart-fitness-app/[39mnode_modules/[4m@vitest/runner[24m/dist/chunk-artifact.js:1903:26
    at [90mfile:///home/runner/work/smart-fitness-app/smart-fitness-app/[39mnode_modules/[4m@vitest/runner[24m/dist/chunk-artifact.js:2326:20
    at new Promise (<anonymous>)
    at runWithCancel [90m(file:///home/runner/work/smart-fitness-app/smart-fitness-app/[39mnode_modules/[4m@vitest/runner[24m/dist/chunk-artifact.js:2323:10[90m)[39m
    at [90mfile:///home/runner/work/smart-fitness-app/smart-fitness-app/[39mnode_modules/[4m@vitest/runner[24m/dist/chunk-artifact.js:2305:20

 [32m✓[39m test/onboarding-persistence.test.ts [2m([22m[2m7 tests[22m[2m)[22m[32m 21[2mms[22m[39m
 [32m✓[39m src/cloud/FoodEntrySync.test.ts [2m([22m[2m5 tests[22m[2m)[22m[32m 18[2mms[22m[39m
 [32m✓[39m src/features/progress/safetyRecoveryWeeklyTrend.test.ts [2m([22m[2m3 tests[22m[2m)[22m[32m 37[2mms[22m[39m
 [32m✓[39m src/storage/WorkoutTemplateSyncMetadataStore.test.ts [2m([22m[2m3 tests[22m[2m)[22m[32m 9[2mms[22m[39m
 [32m✓[39m src/features/coach/safetyRecoveryViewModel.test.ts [2m([22m[2m4 tests[22m[2m)[22m[32m 7[2mms[22m[39m
 [32m✓[39m test/auth-restore.test.ts [2m([22m[2m4 tests[22m[2m)[22m[32m 16[2mms[22m[39m
 [32m✓[39m src/auth/createAuthService.session-cache.test.ts [2m([22m[2m3 tests[22m[2m)[22m[32m 8[2mms[22m[39m
 [32m✓[39m src/cloud/FitnessProfileSync.test.ts [2m([22m[2m5 tests[22m[2m)[22m[32m 23[2mms[22m[39m
 [32m✓[39m test/api-client.test.ts [2m([22m[2m8 tests[22m[2m)[22m[32m 60[2mms[22m[39m
 [32m✓[39m src/cloud/SafetyRecoverySync.test.ts [2m([22m[2m3 tests[22m[2m)[22m[32m 22[2mms[22m[39m
 [32m✓[39m src/cloud/BodyMeasurementConflict.two-device.test.ts [2m([22m[2m4 tests[22m[2m)[22m[32m 22[2mms[22m[39m
 [32m✓[39m src/cloud/SafetyRecoverySyncPlanner.test.ts [2m([22m[2m4 tests[22m[2m)[22m[32m 16[2mms[22m[39m
 [32m✓[39m src/auth/migrating-token-manager.test.ts [2m([22m[2m5 tests[22m[2m)[22m[32m 11[2mms[22m[39m
 [32m✓[39m src/cloud/CustomExerciseRemoteSync.test.ts [2m([22m[2m3 tests[22m[2m)[22m[32m 7[2mms[22m[39m
 [32m✓[39m src/features/coach/safetyRecoveryReviewSnapshot.test.ts [2m([22m[2m3 tests[22m[2m)[22m[32m 7[2mms[22m[39m
 [32m✓[39m src/cloud/MealTemplateRemoteSync.test.ts [2m([22m[2m3 tests[22m[2m)[22m[32m 8[2mms[22m[39m
 [32m✓[39m test/consumer-design-foundation.test.ts [2m([22m[2m9 tests[22m[2m)[22m[32m 12[2mms[22m[39m
 [32m✓[39m src/auth/accountDataCleanup.test.ts [2m([22m[2m5 tests[22m[2m)[22m[32m 11[2mms[22m[39m
 [32m✓[39m test/workout-session-redesign.test.ts [2m([22m[2m4 tests[22m[2m)[22m[32m 11[2mms[22m[39m
 [32m✓[39m src/features/workouts/workoutHistoryDateRange.test.ts [2m([22m[2m5 tests[22m[2m)[22m[32m 44[2mms[22m[39m
 [32m✓[39m test/repository-adapter.test.ts [2m([22m[2m4 tests[22m[2m)[22m[32m 13[2mms[22m[39m
 [32m✓[39m tests/localization-ui-contract.test.ts [2m([22m[2m5 tests[22m[2m)[22m[32m 14[2mms[22m[39m
 [32m✓[39m src/repositories/FoodEntrySyncingRepository.test.ts [2m([22m[2m3 tests[22m[2m)[22m[32m 23[2mms[22m[39m
 [32m✓[39m test/strict-sync-payload-compatibility.test.ts [2m([22m[2m7 tests[22m[2m)[22m[32m 23[2mms[22m[39m
 [32m✓[39m tests/localization-workouts-hub.test.ts [2m([22m[2m5 tests[22m[2m)[22m[32m 13[2mms[22m[39m
 [32m✓[39m src/cloud/WorkoutTemplateSyncPlanner.test.ts [2m([22m[2m6 tests[22m[2m)[22m[32m 21[2mms[22m[39m
 [32m✓[39m src/cloud/MealTemplateSyncPlanner.test.ts [2m([22m[2m3 tests[22m[2m)[22m[32m 22[2mms[22m[39m
 [32m✓[39m src/cloud/createProductionCloudProvider.sync-hardening.test.ts [2m([22m[2m1 test[22m[2m)[22m[32m 7[2mms[22m[39m
 [32m✓[39m src/features/workouts/workoutSafetyGateModel.test.ts [2m([22m[2m4 tests[22m[2m)[22m[32m 7[2mms[22m[39m
 [32m✓[39m src/context/appContext/AppMutationQueue.test.ts [2m([22m[2m4 tests[22m[2m)[22m[32m 14[2mms[22m[39m
 [32m✓[39m src/auth/createAuthService.change-password.test.ts [2m([22m[2m2 tests[22m[2m)[22m[32m 9[2mms[22m[39m
 [32m✓[39m test/sync-push-validation-isolation.test.ts [2m([22m[2m3 tests[22m[2m)[22m[32m 12[2mms[22m[39m
 [32m✓[39m src/cloud/SyncCoordinatorDeleteConflict.two-device.test.ts [2m([22m[2m36 tests[22m[2m)[22m[32m 34[2mms[22m[39m
 [32m✓[39m src/cloud/CustomExerciseSyncPlanner.test.ts [2m([22m[2m3 tests[22m[2m)[22m[32m 22[2mms[22m[39m
 [32m✓[39m src/cloud/WorkoutSessionSafetyMetadataSync.test.ts [2m([22m[2m3 tests[22m[2m)[22m[32m 22[2mms[22m[39m
 [32m✓[39m src/features/coach/userLimitationForm.test.ts [2m([22m[2m5 tests[22m[2m)[22m[32m 8[2mms[22m[39m
 [32m✓[39m src/cloud/RemoteSyncEntityAdapters.test.ts [2m([22m[2m5 tests[22m[2m)[22m[32m 9[2mms[22m[39m
 [32m✓[39m src/repositories/NutritionTargetSyncingRepository.test.ts [2m([22m[2m3 tests[22m[2m)[22m[32m 17[2mms[22m[39m
 [32m✓[39m src/storage/SyncConflictStore.test.ts [2m([22m[2m5 tests[22m[2m)[22m[32m 10[2mms[22m[39m
 [32m✓[39m src/cloud/TrainingProgramSyncPlanner.test.ts [2m([22m[2m3 tests[22m[2m)[22m[32m 22[2mms[22m[39m
 [32m✓[39m src/cloud/createProductionCloudProvider.userIsolation.test.ts [2m([22m[2m2 tests[22m[2m)[22m[32m 7[2mms[22m[39m
 [32m✓[39m src/cloud/NutritionTargetSync.test.ts [2m([22m[2m3 tests[22m[2m)[22m[32m 22[2mms[22m[39m
 [32m✓[39m src/api/coach.strength-confirmation.test.ts [2m([22m[2m1 test[22m[2m)[22m[32m 7[2mms[22m[39m
 [32m✓[39m src/cloud/WorkoutSessionSync.test.ts [2m([22m[2m4 tests[22m[2m)[22m[32m 20[2mms[22m[39m
 [32m✓[39m src/features/nutrition/addFoodModel.test.ts [2m([22m[2m7 tests[22m[2m)[22m[32m 10[2mms[22m[39m
 [32m✓[39m tests/localization.test.ts [2m([22m[2m9 tests[22m[2m)[22m[32m 10[2mms[22m[39m
 [32m✓[39m src/api/coach/trust.test.ts [2m([22m[2m4 tests[22m[2m)[22m[32m 7[2mms[22m[39m
 [32m✓[39m src/storage/TrainingProgramSyncMetadataStore.test.ts [2m([22m[2m3 tests[22m[2m)[22m[32m 9[2mms[22m[39m
 [32m✓[39m test/progress.test.ts [2m([22m[2m3 tests[22m[2m)[22m[32m 13[2mms[22m[39m
 [32m✓[39m test/workout-hotfix-regressions.test.ts [2m([22m[2m3 tests[22m[2m)[22m[32m 14[2mms[22m[39m
 [32m✓[39m src/api/coach.strategy-confirmation.test.ts [2m([22m[2m1 test[22m[2m)[22m[32m 9[2mms[22m[39m
 [32m✓[39m src/observability/crashReportingModel.test.ts [2m([22m[2m3 tests[22m[2m)[22m[32m 8[2mms[22m[39m
 [32m✓[39m tests/localization-home-onboarding.test.ts [2m([22m[2m5 tests[22m[2m)[22m[32m 9[2mms[22m[39m
 [32m✓[39m src/cloud/createProductionCloudProvider.auth-refresh.test.ts [2m([22m[2m2 tests[22m[2m)[22m[32m 12[2mms[22m[39m
 [32m✓[39m test/program-editor-flow.test.ts [2m([22m[2m5 tests[22m[2m)[22m[32m 9[2mms[22m[39m
 [32m✓[39m test/nutrition-library-sync-identity.test.ts [2m([22m[2m4 tests[22m[2m)[22m[32m 14[2mms[22m[39m
 [32m✓[39m src/context/syncConflictCount.test.ts [2m([22m[2m2 tests[22m[2m)[22m[32m 19[2mms[22m[39m
 [32m✓[39m src/api/coach.combined.test.ts [2m([22m[2m1 test[22m[2m)[22m[32m 7[2mms[22m[39m
 [32m✓[39m tests/localization-profile-progress.test.ts [2m([22m[2m4 tests[22m[2m)[22m[32m 11[2mms[22m[39m
 [32m✓[39m test/fitness-profile-sync-payload.test.ts [2m([22m[2m4 tests[22m[2m)[22m[32m 15[2mms[22m[39m
 [32m✓[39m src/api/coach.capabilities.v3.test.ts [2m([22m[2m3 tests[22m[2m)[22m[32m 5[2mms[22m[39m
 [32m✓[39m src/features/coach/strengthCoachViewModel.test.ts [2m([22m[2m3 tests[22m[2m)[22m[32m 7[2mms[22m[39m
 [32m✓[39m src/features/coach/safetyRecoveryLocalSummary.test.ts [2m([22m[2m3 tests[22m[2m)[22m[32m 14[2mms[22m[39m
 [32m✓[39m src/api/coach.safety-recovery.test.ts [2m([22m[2m1 test[22m[2m)[22m[32m 10[2mms[22m[39m
 [32m✓[39m src/features/nutrition/nutritionFoodLibrary.test.ts [2m([22m[2m6 tests[22m[2m)[22m[32m 11[2mms[22m[39m
 [32m✓[39m test/repository-factory.test.ts [2m([22m[2m1 test[22m[2m)[22m[32m 10[2mms[22m[39m
 [32m✓[39m src/context/appContext/workoutActions.sync.test.ts [2m([22m[2m3 tests[22m[2m)[22m[32m 8[2mms[22m[39m
 [32m✓[39m src/features/workouts/workoutSafetySessionMetadata.test.ts [2m([22m[2m3 tests[22m[2m)[22m[32m 7[2mms[22m[39m
 [32m✓[39m test/nutrition.test.ts [2m([22m[2m5 tests[22m[2m)[22m[32m 24[2mms[22m[39m
 [32m✓[39m tests/bodyMeasurementUnits.test.ts [2m([22m[2m4 tests[22m[2m)[22m[32m 7[2mms[22m[39m
 [32m✓[39m test/nutrition-library-sync-alias.test.ts [2m([22m[2m2 tests[22m[2m)[22m[32m 20[2mms[22m[39m
 [32m✓[39m src/api/coach/applicationProvenance.test.ts [2m([22m[2m4 tests[22m[2m)[22m[32m 21[2mms[22m[39m
 [32m✓[39m src/api/coach.strength-strategy.test.ts [2m([22m[2m1 test[22m[2m)[22m[32m 6[2mms[22m[39m
 [32m✓[39m src/features/coach/nutritionProposalConfirmation.test.ts [2m([22m[2m2 tests[22m[2m)[22m[32m 7[2mms[22m[39m
 [32m✓[39m src/features/coach/combinedCoachProposalApplications.test.ts [2m([22m[2m4 tests[22m[2m)[22m[32m 7[2mms[22m[39m
 [32m✓[39m test/token-manager.test.ts [2m([22m[2m4 tests[22m[2m)[22m[32m 10[2mms[22m[39m
 [32m✓[39m tests/settings-privacy-about.test.ts [2m([22m[2m2 tests[22m[2m)[22m[32m 12[2mms[22m[39m
 [32m✓[39m src/auth/changePasswordModel.test.ts [2m([22m[2m5 tests[22m[2m)[22m[32m 7[2mms[22m[39m
 [32m✓[39m src/api/coach.capabilities.v4.test.ts [2m([22m[2m2 tests[22m[2m)[22m[32m 5[2mms[22m[39m
 [32m✓[39m tests/unitPreferences.test.ts [2m([22m[2m4 tests[22m[2m)[22m[32m 7[2mms[22m[39m
 [32m✓[39m tests/nutritionEnergySurfaces.test.ts [2m([22m[2m3 tests[22m[2m)[22m[32m 7[2mms[22m[39m
 [32m✓[39m src/api/coach.capabilities.v9.test.ts [2m([22m[2m3 tests[22m[2m)[22m[32m 7[2mms[22m[39m
 [32m✓[39m tests/settings-sync-conflict-review.test.ts [2m([22m[2m2 tests[22m[2m)[22m[32m 5[2mms[22m[39m
 [32m✓[39m src/features/profile/coachProfileForm.test.ts [2m([22m[2m3 tests[22m[2m)[22m[32m 8[2mms[22m[39m
 [32m✓[39m src/api/coach.capabilities.v10.test.ts [2m([22m[2m3 tests[22m[2m)[22m[32m 8[2mms[22m[39m
 [32m✓[39m src/api/coach.capabilities.v8.test.ts [2m([22m[2m3 tests[22m[2m)[22m[32m 6[2mms[22m[39m
 [32m✓[39m src/api/coach.capabilities.v6.test.ts [2m([22m[2m3 tests[22m[2m)[22m[32m 7[2mms[22m[39m
 [32m✓[39m src/features/progress/bodyMeasurementModel.test.ts [2m([22m[2m3 tests[22m[2m)[22m[32m 8[2mms[22m[39m
 [32m✓[39m src/features/workouts/sessionModel.sync.test.ts [2m([22m[2m1 test[22m[2m)[22m[32m 6[2mms[22m[39m
 [32m✓[39m test/repositories.test.ts [2m([22m[2m2 tests[22m[2m)[22m[32m 12[2mms[22m[39m
 [32m✓[39m src/storage/AsyncStorageOperationQueueStore.concurrent.test.ts [2m([22m[2m1 test[22m[2m)[22m[32m 14[2mms[22m[39m
 [32m✓[39m src/cloud/WorkoutSessionSync.validation.test.ts [2m([22m[2m2 tests[22m[2m)[22m[32m 8[2mms[22m[39m
 [32m✓[39m src/storage/SyncCursorStore.test.ts [2m([22m[2m2 tests[22m[2m)[22m[32m 9[2mms[22m[39m
 [32m✓[39m src/api/coach.capabilities-v2.test.ts [2m([22m[2m3 tests[22m[2m)[22m[32m 5[2mms[22m[39m
 [32m✓[39m src/api/config.test.ts [2m([22m[2m4 tests[22m[2m)[22m[32m 7[2mms[22m[39m
 [32m✓[39m src/cloud/WeightHistorySync.test.ts [2m([22m[2m2 tests[22m[2m)[22m[32m 27[2mms[22m[39m
 [32m✓[39m tests/data-recovery-actions.test.ts [2m([22m[2m3 tests[22m[2m)[22m[32m 5[2mms[22m[39m
 [32m✓[39m src/features/coach/recoveryCheckInForm.test.ts [2m([22m[2m3 tests[22m[2m)[22m[32m 7[2mms[22m[39m
 [32m✓[39m src/api/coach.capabilities.v7.test.ts [2m([22m[2m3 tests[22m[2m)[22m[32m 7[2mms[22m[39m
 [32m✓[39m src/cloud/CloudQueueHelpers.test.ts [2m([22m[2m2 tests[22m[2m)[22m[32m 6[2mms[22m[39m
 [32m✓[39m src/components/progress/SafetyRecoveryWeeklyTrendCard.navigation.test.ts [2m([22m[2m3 tests[22m[2m)[22m[32m 6[2mms[22m[39m
 [32m✓[39m src/auth/accountDeletionModel.test.ts [2m([22m[2m4 tests[22m[2m)[22m[32m 5[2mms[22m[39m
 [31m❯[39m tests/settings-data-sync-status.test.ts [2m([22m[2m1 test[22m[2m | [22m[31m1 failed[39m[2m)[22m[32m 16[2mms[22m[39m
[31m     [31m×[31m surfaces the existing sync contract without exposing raw errors[39m[32m 14[2mms[22m[39m
 [32m✓[39m src/features/settings/preferenceScope.test.ts [2m([22m[2m3 tests[22m[2m)[22m[32m 6[2mms[22m[39m
 [32m✓[39m src/repositories/LocalAppRepository.test.ts [2m([22m[2m1 test[22m[2m)[22m[32m 8[2mms[22m[39m
 [32m✓[39m src/api/coach.capabilities.v5.test.ts [2m([22m[2m2 tests[22m[2m)[22m[32m 6[2mms[22m[39m
 [32m✓[39m src/context/syncConflictPersistence.test.ts [2m([22m[2m2 tests[22m[2m)[22m[32m 6[2mms[22m[39m
 [32m✓[39m tests/exerciseDetailUnits.test.ts [2m([22m[2m2 tests[22m[2m)[22m[32m 4[2mms[22m[39m
 [32m✓[39m test/theme-appearance.test.ts [2m([22m[2m4 tests[22m[2m)[22m[32m 9[2mms[22m[39m
 [32m✓[39m src/context/applySyncPullResult.concurrent.test.ts [2m([22m[2m2 tests[22m[2m)[22m[32m 5[2mms[22m[39m
 [32m✓[39m tests/workoutHistoryUnits.test.ts [2m([22m[2m2 tests[22m[2m)[22m[32m 6[2mms[22m[39m
 [32m✓[39m tests/localeAwareUnits.test.ts [2m([22m[2m2 tests[22m[2m)[22m[32m 4[2mms[22m[39m
 [32m✓[39m test/api-config.test.ts [2m([22m[2m5 tests[22m[2m)[22m[32m 9[2mms[22m[39m
 [32m✓[39m test/auth-presentation.test.ts [2m([22m[2m4 tests[22m[2m)[22m[32m 6[2mms[22m[39m
 [32m✓[39m tests/roadmap-modularization.test.ts [2m([22m[2m1 test[22m[2m)[22m[32m 4[2mms[22m[39m
 [32m✓[39m src/api/coach/history.test.ts [2m([22m[2m3 tests[22m[2m)[22m[32m 7[2mms[22m[39m
 [32m✓[39m tests/settings-account-security.test.ts [2m([22m[2m2 tests[22m[2m)[22m[32m 4[2mms[22m[39m
 [32m✓[39m tests/settings-support-diagnostics.test.ts [2m([22m[2m1 test[22m[2m)[22m[32m 4[2mms[22m[39m
 [32m✓[39m src/auth/sessionManagement.test.ts [2m([22m[2m3 tests[22m[2m)[22m[32m 4[2mms[22m[39m
 [32m✓[39m src/features/nutrition/nutritionFavorites.test.ts [2m([22m[2m3 tests[22m[2m)[22m[32m 6[2mms[22m[39m
 [32m✓[39m test/sync-payload-repair-scope.test.ts [2m([22m[2m1 test[22m[2m)[22m[32m 4[2mms[22m[39m
 [32m✓[39m tests/weightDetailsUnits.test.ts [2m([22m[2m1 test[22m[2m)[22m[32m 5[2mms[22m[39m
 [32m✓[39m tests/pluralization.test.ts [2m([22m[2m3 tests[22m[2m)[22m[32m 5[2mms[22m[39m
 [32m✓[39m tests/localization-pluralization-contract.test.ts [2m([22m[2m1 test[22m[2m)[22m[32m 5[2mms[22m[39m
 [32m✓[39m tests/roadmap-index-links.test.ts [2m([22m[2m1 test[22m[2m)[22m[32m 5[2mms[22m[39m
 [32m✓[39m src/context/appContext/useWeightHistoryActions.test.ts [2m([22m[2m2 tests[22m[2m)[22m[32m 7[2mms[22m[39m
 [32m✓[39m src/lib/ids.test.ts [2m([22m[2m2 tests[22m[2m)[22m[32m 8[2mms[22m[39m
 [32m✓[39m test/sync-acknowledged-keys.test.ts [2m([22m[2m1 test[22m[2m)[22m[32m 3[2mms[22m[39m

[31m⎯⎯⎯⎯⎯⎯⎯[39m[1m[41m Failed Tests 1 [49m[22m[31m⎯⎯⎯⎯⎯⎯⎯[39m

[41m[1m FAIL [22m[49m tests/settings-data-sync-status.test.ts[2m > [22mSettings Data and Sync status[2m > [22msurfaces the existing sync contract without exposing raw errors
[31m[1mAssertionError[22m: expected 'import { ScrollView, StyleSheet, Text…' not to contain '{error ?'[39m

[32m- Expected[39m
[31m+ Received[39m

[32m- {error ?[39m
[31m+ import { ScrollView, StyleSheet, Text, View } from 'react-native';[39m
[31m+ import { useSafeAreaInsets } from 'react-native-safe-area-context';[39m
[31m+[39m
[31m+ import { AppButton } from '@/components/ui/AppButton';[39m
[31m+ import { AppCard } from '@/components/ui/AppCard';[39m
[31m+ import { SectionHeader } from '@/components/ui/SectionHeader';[39m
[31m+ import { Colors, MaxContentWidth, Spacing, Typography } from '@/constants/theme';[39m
[31m+ import { useWeightSync } from '@/context/SyncContext';[39m
[31m+ import { DataRecoveryCard } from '@/features/settings/DataRecoveryCard';[39m
[31m+ import { SupportDiagnosticsCard } from '@/features/settings/SupportDiagnosticsCard';[39m
[31m+ import { SyncConflictReviewCard } from '@/features/settings/SyncConflictReviewCard';[39m
[31m+ import { getSyncStatusCopy, getSyncStatusExplanation } from '@/features/settings/syncStatusCopy';[39m
[31m+ import { useLocalization } from '@/localization';[39m
[31m+[39m
[31m+ function DetailRow({ label, value }: { label: string; value: string }) {[39m
[31m+   return ([39m
[31m+     <View style={styles.row}>[39m
[31m+       <Text style={styles.rowLabel}>{label}</Text>[39m
[31m+       <Text style={styles.rowValue}>{value}</Text>[39m
[31m+     </View>[39m
[31m+   );[39m
[31m+ }[39m
[31m+[39m
[31m+ export default function SyncBackupScreen() {[39m
[31m+   const { conflictCount, error, lastSyncAt, pendingOperations, status, syncNow } = useWeightSync();[39m
[31m+   const { formatDate, t } = useLocalization();[39m
[31m+   const safeAreaInsets = useSafeAreaInsets();[39m
[31m+   const copy = getSyncStatusCopy(t);[39m
[31m+   const isBusy = status === 'syncing';[39m
[31m+   const actionLabel = isBusy[39m
[31m+     ? copy.syncing[39m
[31m+     : status === 'error' || status === 'offline'[39m
[31m+       ? copy.retry[39m
[31m+       : copy.syncNow;[39m
[31m+[39m
[31m+   return ([39m
[31m+     <ScrollView[39m
[31m+       contentInsetAdjustmentBehavior="automatic"[39m
[31m+       contentContainerStyle={[styles.content, { paddingBottom: safeAreaInsets.bottom + 120 }]}[39m
[31m+       style={styles.screen}>[39m
[31m+       <View style={styles.container}>[39m
[31m+         <SectionHeader title={copy.section} subtitle={copy.description} />[39m
[31m+[39m
[31m+         <AppCard>[39m
[31m+           <Text style={styles.title}>{copy.currentStatus}</Text>[39m
[31m+           <Text style={styles.value}>{copy.statusLabels[status]}</Text>[39m
[31m+           <Text style={styles.detail}>{getSyncStatusExplanation(copy, status)}</Text>[39m
[31m+           {error ? <Text selectable style={styles.errorDetail}>{error}</Text> : null}[39m
[31m+           <Text style={styles.detail}>[39m
[31m+             {copy.lastSync}:{' '}[39m
[31m+             {lastSyncAt[39m
[31m+               ? formatDate(lastSyncAt, { dateStyle: 'medium', timeStyle: 'short' })[39m
[31m+               : copy.never}[39m
[31m+           </Text>[39m
[31m+         </AppCard>[39m
[31m+[39m
[31m+         <AppCard>[39m
[31m+           <Text style={styles.title}>{copy.queue}</Text>[39m
[31m+           <DetailRow label={copy.pendingOperations} value={`${pendingOperations}`} />[39m
[31m+           <DetailRow label={copy.conflicts} value={`${conflictCount}`} />[39m
[31m+           <AppButton[39m
[31m+             disabled={isBusy}[39m
[31m+             label={actionLabel}[39m
[31m+             loading={isBusy}[39m
[31m+             onPress={() => void syncNow()}[39m
[31m+           />[39m
[31m+         </AppCard>[39m
[31m+[39m
[31m+         <DataRecoveryCard />[39m
[31m+         <SyncConflictReviewCard />[39m
[31m+         <SupportDiagnosticsCard[39m
[31m+           conflictCount={conflictCount}[39m
[31m+           pendingOperations={pendingOperations}[39m
[31m+           syncStatus={status}[39m
[31m+         />[39m
[31m+       </View>[39m
[31m+     </ScrollView>[39m
[31m+   );[39m
[31m+ }[39m
[31m+[39m
[31m+ const styles = StyleSheet.create({[39m
[31m+   container: {[39m
[31m+     gap: Spacing.three,[39m
[31m+     maxWidth: MaxContentWidth,[39m
[31m+     width: '100%',[39m
[31m+   },[39m
[31m+   content: {[39m
[31m+     alignItems: 'center',[39m
[31m+     padding: Spacing.three,[39m
[31m+   },[39m
[31m+   detail: {[39m
[31m+     color: Colors.dark.textSecondary,[39m
[31m+     fontSize: Typography.caption.fontSize,[39m
[31m+     lineHeight: Typography.caption.lineHeight,[39m
[31m+     marginTop: Spacing.one,[39m
[31m+   },[39m
[31m+   errorDetail: {[39m
[31m+     backgroundColor: Colors.dark.errorSoft,[39m
[31m+     borderRadius: 12,[39m
[31m+     color: Colors.dark.error,[39m
[31m+     fontSize: Typography.caption.fontSize,[39m
[31m+     lineHeight: Typography.caption.lineHeight,[39m
[31m+     marginTop: Spacing.two,[39m
[31m+     padding: Spacing.two,[39m
[31m+   },[39m
[31m+   row: {[39m
[31m+     borderColor: Colors.dark.borderSubtle,[39m
[31m+     borderTopWidth: StyleSheet.hairlineWidth,[39m
[31m+     paddingTop: Spacing.two,[39m
[31m+   },[39m
[31m+   rowLabel: {[39m
[31m+     color: Colors.dark.textSecondary,[39m
[31m+     fontSize: Typography.caption.fontSize,[39m
[31m+     fontWeight: Typography.label.fontWeight,[39m
[31m+     lineHeight: Typography.caption.lineHeight,[39m
[31m+   },[39m
[31m+   rowValue: {[39m
[31m+     color: Colors.dark.textPrimary,[39m
[31m+     fontSize: Typography.bodyEmphasized.fontSize,[39m
[31m+     fontWeight: Typography.bodyEmphasized.fontWeight,[39m
[31m+     lineHeight: Typography.bodyEmphasized.lineHeight,[39m
[31m+     marginBottom: Spacing.two,[39m
[31m+     marginTop: 2,[39m
[31m+   },[39m
[31m+   screen: {[39m
[31m+     backgroundColor: Colors.dark.background,[39m
[31m+     flex: 1,[39m
[31m+   },[39m
[31m+   title: {[39m
[31m+     color: Colors.dark.textPrimary,[39m
[31m+     fontSize: Typography.sectionTitle.fontSize,[39m
[31m+     fontWeight: Typography.sectionTitle.fontWeight,[39m
[31m+     letterSpacing: Typography.sectionTitle.letterSpacing,[39m
[31m+     lineHeight: Typography.sectionTitle.lineHeight,[39m
[31m+     textTransform: Typography.sectionTitle.textTransform,[39m
[31m+   },[39m
[31m+   value: {[39m
[31m+     color: Colors.dark.textPrimary,[39m
[31m+     fontSize: Typography.cardTitle.fontSize,[39m
[31m+     fontWeight: Typography.heroMetric.fontWeight,[39m
[31m+     lineHeight: Typography.cardTitle.lineHeight,[39m
[31m+     marginTop: Spacing.one,[39m
[31m+   },[39m
[31m+ });[39m
[31m+[39m

[36m [2m❯[22m tests/settings-data-sync-status.test.ts:[2m25:25[22m[39m
    [90m 23|[39m     [34mexpect[39m(details)[33m.[39m[34mtoContain[39m([32m'conflictCount'[39m)[33m;[39m
    [90m 24|[39m     [34mexpect[39m(details)[33m.[39m[34mtoContain[39m([32m'syncNow()'[39m)[33m;[39m
    [90m 25|[39m     [34mexpect[39m(details)[33m.[39mnot[33m.[39m[34mtoContain[39m([32m'{error ?'[39m)[33m;[39m
    [90m   |[39m                         [31m^[39m
    [90m 26|[39m     [34mexpect[39m(copy)[33m.[39m[34mtoContain[39m([32m"'local-only': t('sync.status.localOnly')"[39m)[33m;[39m
    [90m 27|[39m     expect(copy).toContain("localOnlyExplanation: t('sync.explanation.…

[31m[2m⎯⎯⎯⎯⎯⎯⎯⎯⎯⎯⎯⎯⎯⎯⎯⎯⎯⎯⎯⎯⎯⎯⎯⎯[1/1]⎯[22m[39m


[2m Test Files [22m [1m[31m1 failed[39m[22m[2m | [22m[1m[32m166 passed[39m[22m[90m (167)[39m
[2m      Tests [22m [1m[31m1 failed[39m[22m[2m | [22m[1m[32m752 passed[39m[22m[90m (753)[39m
[2m   Start at [22m 21:49:55
[2m   Duration [22m 13.56s[2m (transform 3.28s, setup 0ms, import 10.49s, tests 2.46s, environment 21ms)[22m


::error file=/home/runner/work/smart-fitness-app/smart-fitness-app/tests/settings-data-sync-status.test.ts,title=tests/settings-data-sync-status.test.ts > Settings Data and Sync status > surfaces the existing sync contract without exposing raw errors,line=25,column=25::AssertionError: expected 'import { ScrollView, StyleSheet, Text…' not to contain '{error ?'%0A%0A- Expected%0A+ Received%0A%0A- {error ?%0A+ import { ScrollView, StyleSheet, Text, View } from 'react-native';%0A+ import { useSafeAreaInsets } from 'react-native-safe-area-context';%0A+%0A+ import { AppButton } from '@/components/ui/AppButton';%0A+ import { AppCard } from '@/components/ui/AppCard';%0A+ import { SectionHeader } from '@/components/ui/SectionHeader';%0A+ import { Colors, MaxContentWidth, Spacing, Typography } from '@/constants/theme';%0A+ import { useWeightSync } from '@/context/SyncContext';%0A+ import { DataRecoveryCard } from '@/features/settings/DataRecoveryCard';%0A+ import { SupportDiagnosticsCard } from '@/features/settings/SupportDiagnosticsCard';%0A+ import { SyncConflictReviewCard } from '@/features/settings/SyncConflictReviewCard';%0A+ import { getSyncStatusCopy, getSyncStatusExplanation } from '@/features/settings/syncStatusCopy';%0A+ import { useLocalization } from '@/localization';%0A+%0A+ function DetailRow({ label, value }: { label: string; value: string }) {%0A+   return (%0A+     <View style={styles.row}>%0A+       <Text style={styles.rowLabel}>{label}</Text>%0A+       <Text style={styles.rowValue}>{value}</Text>%0A+     </View>%0A+   );%0A+ }%0A+%0A+ export default function SyncBackupScreen() {%0A+   const { conflictCount, error, lastSyncAt, pendingOperations, status, syncNow } = useWeightSync();%0A+   const { formatDate, t } = useLocalization();%0A+   const safeAreaInsets = useSafeAreaInsets();%0A+   const copy = getSyncStatusCopy(t);%0A+   const isBusy = status === 'syncing';%0A+   const actionLabel = isBusy%0A+     ? copy.syncing%0A+     : status === 'error' || status === 'offline'%0A+       ? copy.retry%0A+       : copy.syncNow;%0A+%0A+   return (%0A+     <ScrollView%0A+       contentInsetAdjustmentBehavior="automatic"%0A+       contentContainerStyle={[styles.content, { paddingBottom: safeAreaInsets.bottom + 120 }]}%0A+       style={styles.screen}>%0A+       <View style={styles.container}>%0A+         <SectionHeader title={copy.section} subtitle={copy.description} />%0A+%0A+         <AppCard>%0A+           <Text style={styles.title}>{copy.currentStatus}</Text>%0A+           <Text style={styles.value}>{copy.statusLabels[status]}</Text>%0A+           <Text style={styles.detail}>{getSyncStatusExplanation(copy, status)}</Text>%0A+           {error ? <Text selectable style={styles.errorDetail}>{error}</Text> : null}%0A+           <Text style={styles.detail}>%0A+             {copy.lastSync}:{' '}%0A+             {lastSyncAt%0A+               ? formatDate(lastSyncAt, { dateStyle: 'medium', timeStyle: 'short' })%0A+               : copy.never}%0A+           </Text>%0A+         </AppCard>%0A+%0A+         <AppCard>%0A+           <Text style={styles.title}>{copy.queue}</Text>%0A+           <DetailRow label={copy.pendingOperations} value={`${pendingOperations}`} />%0A+           <DetailRow label={copy.conflicts} value={`${conflictCount}`} />%0A+           <AppButton%0A+             disabled={isBusy}%0A+             label={actionLabel}%0A+             loading={isBusy}%0A+             onPress={() => void syncNow()}%0A+           />%0A+         </AppCard>%0A+%0A+         <DataRecoveryCard />%0A+         <SyncConflictReviewCard />%0A+         <SupportDiagnosticsCard%0A+           conflictCount={conflictCount}%0A+           pendingOperations={pendingOperations}%0A+           syncStatus={status}%0A+         />%0A+       </View>%0A+     </ScrollView>%0A+   );%0A+ }%0A+%0A+ const styles = StyleSheet.create({%0A+   container: {%0A+     gap: Spacing.three,%0A+     maxWidth: MaxContentWidth,%0A+     width: '100%25',%0A+   },%0A+   content: {%0A+     alignItems: 'center',%0A+     padding: Spacing.three,%0A+   },%0A+   detail: {%0A+     color: Colors.dark.textSecondary,%0A+     fontSize: Typography.caption.fontSize,%0A+     lineHeight: Typography.caption.lineHeight,%0A+     marginTop: Spacing.one,%0A+   },%0A+   errorDetail: {%0A+     backgroundColor: Colors.dark.errorSoft,%0A+     borderRadius: 12,%0A+     color: Colors.dark.error,%0A+     fontSize: Typography.caption.fontSize,%0A+     lineHeight: Typography.caption.lineHeight,%0A+     marginTop: Spacing.two,%0A+     padding: Spacing.two,%0A+   },%0A+   row: {%0A+     borderColor: Colors.dark.borderSubtle,%0A+     borderTopWidth: StyleSheet.hairlineWidth,%0A+     paddingTop: Spacing.two,%0A+   },%0A+   rowLabel: {%0A+     color: Colors.dark.textSecondary,%0A+     fontSize: Typography.caption.fontSize,%0A+     fontWeight: Typography.label.fontWeight,%0A+     lineHeight: Typography.caption.lineHeight,%0A+   },%0A+   rowValue: {%0A+     color: Colors.dark.textPrimary,%0A+     fontSize: Typography.bodyEmphasized.fontSize,%0A+     fontWeight: Typography.bodyEmphasized.fontWeight,%0A+     lineHeight: Typography.bodyEmphasized.lineHeight,%0A+     marginBottom: Spacing.two,%0A+     marginTop: 2,%0A+   },%0A+   screen: {%0A+     backgroundColor: Colors.dark.background,%0A+     flex: 1,%0A+   },%0A+   title: {%0A+     color: Colors.dark.textPrimary,%0A+     fontSize: Typography.sectionTitle.fontSize,%0A+     fontWeight: Typography.sectionTitle.fontWeight,%0A+     letterSpacing: Typography.sectionTitle.letterSpacing,%0A+     lineHeight: Typography.sectionTitle.lineHeight,%0A+     textTransform: Typography.sectionTitle.textTransform,%0A+   },%0A+   value: {%0A+     color: Colors.dark.textPrimary,%0A+     fontSize: Typography.cardTitle.fontSize,%0A+     fontWeight: Typography.heroMetric.fontWeight,%0A+     lineHeight: Typography.cardTitle.lineHeight,%0A+     marginTop: Spacing.one,%0A+   },%0A+ });%0A+%0A%0A ❯ tests/settings-data-sync-status.test.ts:25:25%0A%0A
